RAM Allocation [bytes]
Variable                                                                          Address   Size
------------------------------------------------------------------------------------------------
show_arr                                                                          0x026C       5
_seed                                                                             0x0271       4
_base_y                                                                           0x0275       4

EEPROM Allocation [bytes]
Variable                                                                          Address   Size
------------------------------------------------------------------------------------------------

Register Allocation
Variable                                                                          Register  Size
------------------------------------------------------------------------------------------------
temp                                                                              R4,R5        2
_lcd_x                                                                            R7           1
_lcd_y                                                                            R6           1
_lcd_maxx                                                                         R9           1

FLASH Allocation [words]
Function                                                                          Address   Size
------------------------------------------------------------------------------------------------
read_adc                                                                          0x0006E     15
main                                                                              0x0007D    100
ftoa                                                                              0x000E1    201
_lcd_write_nibble_G101                                                            0x001AA     20
_lcd_write_data                                                                   0x001BE     12
lcd_gotoxy                                                                        0x001CA     13
lcd_clear                                                                         0x001D7     12
lcd_putchar                                                                       0x001E3     21
lcd_puts                                                                          0x001F8     17
lcd_init                                                                          0x00209     46
ftrunc                                                                            0x00237     49
floor                                                                             0x00268     23
strcpyf                                                                           0x0027F     13
