RAM Allocation [bytes]
Variable                                                                          Address   Size
------------------------------------------------------------------------------------------------
code                                                                              0x0260      16

EEPROM Allocation [bytes]
Variable                                                                          Address   Size
------------------------------------------------------------------------------------------------

Register Allocation
Variable                                                                          Register  Size
------------------------------------------------------------------------------------------------
counter                                                                           R5           1
dip_switch_val                                                                    R4           1

FLASH Allocation [words]
Function                                                                          Address   Size
------------------------------------------------------------------------------------------------
timer0_ovf_isr                                                                    0x0006A     79
main                                                                              0x000B9     26
