
AVRASM ver. 2.1.30  C:\Users\Golchin\Downloads\rizpar\atra\q22\D & F\Debug\List\7seg.asm Fri Jan 05 00:02:53 2024

C:\Users\Golchin\Downloads\rizpar\atra\q22\D & F\Debug\List\7seg.asm(1418): warning: Register r5 already defined by the .DEF directive
C:\Users\Golchin\Downloads\rizpar\atra\q22\D & F\Debug\List\7seg.asm(1419): warning: Register r4 already defined by the .DEF directive
C:\Users\Golchin\Downloads\rizpar\atra\q22\D & F\Debug\List\7seg.asm(1420): warning: Register r7 already defined by the .DEF directive
C:\Users\Golchin\Downloads\rizpar\atra\q22\D & F\Debug\List\7seg.asm(1421): warning: Register r6 already defined by the .DEF directive
C:\Users\Golchin\Downloads\rizpar\atra\q22\D & F\Debug\List\7seg.asm(1422): warning: Register r9 already defined by the .DEF directive
C:\Users\Golchin\Downloads\rizpar\atra\q22\D & F\Debug\List\7seg.asm(1423): warning: Register r8 already defined by the .DEF directive
C:\Users\Golchin\Downloads\rizpar\atra\q22\D & F\Debug\List\7seg.asm(1424): warning: Register r11 already defined by the .DEF directive
C:\Users\Golchin\Downloads\rizpar\atra\q22\D & F\Debug\List\7seg.asm(1425): warning: Register r12 already defined by the .DEF directive
C:\Users\Golchin\Downloads\rizpar\atra\q22\D & F\Debug\List\7seg.asm(1426): warning: Register r13 already defined by the .DEF directive
                 
                 
                 ;CodeVisionAVR C Compiler V4.00a 
                 ;(C) Copyright 1998-2023 Pavel Haiduc, HP InfoTech S.R.L.
                 ;http://www.hpinfotech.ro
                 
                 ;Build configuration    : Debug
                 ;Chip type              : ATmega32
                 ;Program type           : Application
                 ;Clock frequency        : 8.000000 MHz
                 ;Memory model           : Small
                 ;Optimize for           : Size
                 ;(s)printf features     : int, width
                 ;(s)scanf features      : int, width
                 ;External RAM size      : 0
                 ;Data Stack size        : 512 byte(s)
                 ;Heap size              : 0 byte(s)
                 ;Promote 'char' to 'int': Yes
                 ;'char' is unsigned     : Yes
                 ;8 bit enums            : Yes
                 ;Global 'const' stored in FLASH: Yes
                 ;Enhanced function parameter passing: Mode 1
                 ;Enhanced core instructions: On
                 ;Automatic register allocation for global variables: On
                 ;Smart register allocation: On
                 
                 	#define _MODEL_SMALL_
                 
                 	#pragma AVRPART ADMIN PART_NAME ATmega32
                 	#pragma AVRPART MEMORY PROG_FLASH 32768
                 	#pragma AVRPART MEMORY EEPROM 1024
                 	#pragma AVRPART MEMORY INT_SRAM SIZE 2048
                 	#pragma AVRPART MEMORY INT_SRAM START_ADDR 0x60
                 
                 	#define CALL_SUPPORTED 1
                 
                 	.LISTMAC
                 
                 	.EQU UDRE=0x5
                 	.EQU RXC=0x7
                 	.EQU USR=0xB
                 	.EQU UDR=0xC
                 	.EQU SPSR=0xE
                 	.EQU SPDR=0xF
                 	.EQU EERE=0x0
                 	.EQU EEWE=0x1
                 	.EQU EEMWE=0x2
                 	.EQU EECR=0x1C
                 	.EQU EEDR=0x1D
                 	.EQU EEARL=0x1E
                 	.EQU EEARH=0x1F
                 	.EQU WDTCR=0x21
                 	.EQU MCUCR=0x35
                 	.EQU SPMCSR=0x37
                 	.EQU GICR=0x3B
                 	.EQU SPL=0x3D
                 	.EQU SPH=0x3E
                 	.EQU SREG=0x3F
                 
                 	.DEF R0X0=R0
                 	.DEF R0X1=R1
                 	.DEF R0X2=R2
                 	.DEF R0X3=R3
                 	.DEF R0X4=R4
                 	.DEF R0X5=R5
                 	.DEF R0X6=R6
                 	.DEF R0X7=R7
                 	.DEF R0X8=R8
                 	.DEF R0X9=R9
                 	.DEF R0XA=R10
                 	.DEF R0XB=R11
                 	.DEF R0XC=R12
                 	.DEF R0XD=R13
                 	.DEF R0XE=R14
                 	.DEF R0XF=R15
                 	.DEF R0X10=R16
                 	.DEF R0X11=R17
                 	.DEF R0X12=R18
                 	.DEF R0X13=R19
                 	.DEF R0X14=R20
                 	.DEF R0X15=R21
                 	.DEF R0X16=R22
                 	.DEF R0X17=R23
                 	.DEF R0X18=R24
                 	.DEF R0X19=R25
                 	.DEF R0X1A=R26
                 	.DEF R0X1B=R27
                 	.DEF R0X1C=R28
                 	.DEF R0X1D=R29
                 	.DEF R0X1E=R30
                 	.DEF R0X1F=R31
                 
                 	.EQU __SRAM_START=0x0060
                 	.EQU __SRAM_END=0x085F
                 	.EQU __DSTACK_SIZE=0x0200
                 	.EQU __HEAP_SIZE=0x0000
                 	.EQU __CLEAR_SRAM_SIZE=__SRAM_END-__SRAM_START+1
                 
                 	.EQU __FLASH_PAGE_SIZE=0x40
                 
                 	.MACRO __CPD1N
                 	CPI  R30,LOW(@0)
                 	LDI  R26,HIGH(@0)
                 	CPC  R31,R26
                 	LDI  R26,BYTE3(@0)
                 	CPC  R22,R26
                 	LDI  R26,BYTE4(@0)
                 	CPC  R23,R26
                 	.ENDM
                 
                 	.MACRO __CPD2N
                 	CPI  R26,LOW(@0)
                 	LDI  R30,HIGH(@0)
                 	CPC  R27,R30
                 	LDI  R30,BYTE3(@0)
                 	CPC  R24,R30
                 	LDI  R30,BYTE4(@0)
                 	CPC  R25,R30
                 	.ENDM
                 
                 	.MACRO __CPWRR
                 	CP   R@0,R@2
                 	CPC  R@1,R@3
                 	.ENDM
                 
                 	.MACRO __CPWRN
                 	CPI  R@0,LOW(@2)
                 	LDI  R30,HIGH(@2)
                 	CPC  R@1,R30
                 	.ENDM
                 
                 	.MACRO __ADDB1MN
                 	SUBI R30,LOW(-@0-(@1))
                 	.ENDM
                 
                 	.MACRO __ADDB2MN
                 	SUBI R26,LOW(-@0-(@1))
                 	.ENDM
                 
                 	.MACRO __ADDW1MN
                 	SUBI R30,LOW(-@0-(@1))
                 	SBCI R31,HIGH(-@0-(@1))
                 	.ENDM
                 
                 	.MACRO __ADDW2MN
                 	SUBI R26,LOW(-@0-(@1))
                 	SBCI R27,HIGH(-@0-(@1))
                 	.ENDM
                 
                 	.MACRO __ADDW1FN
                 	SUBI R30,LOW(-2*@0-(@1))
                 	SBCI R31,HIGH(-2*@0-(@1))
                 	.ENDM
                 
                 	.MACRO __ADDD1FN
                 	SUBI R30,LOW(-2*@0-(@1))
                 	SBCI R31,HIGH(-2*@0-(@1))
                 	SBCI R22,BYTE3(-2*@0-(@1))
                 	.ENDM
                 
                 	.MACRO __ADDD1N
                 	SUBI R30,LOW(-@0)
                 	SBCI R31,HIGH(-@0)
                 	SBCI R22,BYTE3(-@0)
                 	SBCI R23,BYTE4(-@0)
                 	.ENDM
                 
                 	.MACRO __ADDD2N
                 	SUBI R26,LOW(-@0)
                 	SBCI R27,HIGH(-@0)
                 	SBCI R24,BYTE3(-@0)
                 	SBCI R25,BYTE4(-@0)
                 	.ENDM
                 
                 	.MACRO __SUBD1N
                 	SUBI R30,LOW(@0)
                 	SBCI R31,HIGH(@0)
                 	SBCI R22,BYTE3(@0)
                 	SBCI R23,BYTE4(@0)
                 	.ENDM
                 
                 	.MACRO __SUBD2N
                 	SUBI R26,LOW(@0)
                 	SBCI R27,HIGH(@0)
                 	SBCI R24,BYTE3(@0)
                 	SBCI R25,BYTE4(@0)
                 	.ENDM
                 
                 	.MACRO __ANDBMNN
                 	LDS  R30,@0+(@1)
                 	ANDI R30,LOW(@2)
                 	STS  @0+(@1),R30
                 	.ENDM
                 
                 	.MACRO __ANDWMNN
                 	LDS  R30,@0+(@1)
                 	ANDI R30,LOW(@2)
                 	STS  @0+(@1),R30
                 	LDS  R30,@0+(@1)+1
                 	ANDI R30,HIGH(@2)
                 	STS  @0+(@1)+1,R30
                 	.ENDM
                 
                 	.MACRO __ANDD1N
                 	ANDI R30,LOW(@0)
                 	ANDI R31,HIGH(@0)
                 	ANDI R22,BYTE3(@0)
                 	ANDI R23,BYTE4(@0)
                 	.ENDM
                 
                 	.MACRO __ANDD2N
                 	ANDI R26,LOW(@0)
                 	ANDI R27,HIGH(@0)
                 	ANDI R24,BYTE3(@0)
                 	ANDI R25,BYTE4(@0)
                 	.ENDM
                 
                 	.MACRO __ORBMNN
                 	LDS  R30,@0+(@1)
                 	ORI  R30,LOW(@2)
                 	STS  @0+(@1),R30
                 	.ENDM
                 
                 	.MACRO __ORWMNN
                 	LDS  R30,@0+(@1)
                 	ORI  R30,LOW(@2)
                 	STS  @0+(@1),R30
                 	LDS  R30,@0+(@1)+1
                 	ORI  R30,HIGH(@2)
                 	STS  @0+(@1)+1,R30
                 	.ENDM
                 
                 	.MACRO __ORD1N
                 	ORI  R30,LOW(@0)
                 	ORI  R31,HIGH(@0)
                 	ORI  R22,BYTE3(@0)
                 	ORI  R23,BYTE4(@0)
                 	.ENDM
                 
                 	.MACRO __ORD2N
                 	ORI  R26,LOW(@0)
                 	ORI  R27,HIGH(@0)
                 	ORI  R24,BYTE3(@0)
                 	ORI  R25,BYTE4(@0)
                 	.ENDM
                 
                 	.MACRO __DELAY_USB
                 	LDI  R24,LOW(@0)
                 __DELAY_USB_LOOP:
                 	DEC  R24
                 	BRNE __DELAY_USB_LOOP
                 	.ENDM
                 
                 	.MACRO __DELAY_USW
                 	LDI  R24,LOW(@0)
                 	LDI  R25,HIGH(@0)
                 __DELAY_USW_LOOP:
                 	SBIW R24,1
                 	BRNE __DELAY_USW_LOOP
                 	.ENDM
                 
                 	.MACRO __GETW1P
                 	LD   R30,X+
                 	LD   R31,X
                 	SBIW R26,1
                 	.ENDM
                 
                 	.MACRO __GETD1S
                 	LDD  R30,Y+@0
                 	LDD  R31,Y+@0+1
                 	LDD  R22,Y+@0+2
                 	LDD  R23,Y+@0+3
                 	.ENDM
                 
                 	.MACRO __GETD2S
                 	LDD  R26,Y+@0
                 	LDD  R27,Y+@0+1
                 	LDD  R24,Y+@0+2
                 	LDD  R25,Y+@0+3
                 	.ENDM
                 
                 	.MACRO __GETD1P_INC
                 	LD   R30,X+
                 	LD   R31,X+
                 	LD   R22,X+
                 	LD   R23,X+
                 	.ENDM
                 
                 	.MACRO __GETD1P_DEC
                 	LD   R23,-X
                 	LD   R22,-X
                 	LD   R31,-X
                 	LD   R30,-X
                 	.ENDM
                 
                 	.MACRO __PUTDP1
                 	ST   X+,R30
                 	ST   X+,R31
                 	ST   X+,R22
                 	ST   X,R23
                 	.ENDM
                 
                 	.MACRO __PUTDP1_DEC
                 	ST   -X,R23
                 	ST   -X,R22
                 	ST   -X,R31
                 	ST   -X,R30
                 	.ENDM
                 
                 	.MACRO __PUTD1S
                 	STD  Y+@0,R30
                 	STD  Y+@0+1,R31
                 	STD  Y+@0+2,R22
                 	STD  Y+@0+3,R23
                 	.ENDM
                 
                 	.MACRO __PUTD2S
                 	STD  Y+@0,R26
                 	STD  Y+@0+1,R27
                 	STD  Y+@0+2,R24
                 	STD  Y+@0+3,R25
                 	.ENDM
                 
                 	.MACRO __PUTDZ2
                 	STD  Z+@0,R26
                 	STD  Z+@0+1,R27
                 	STD  Z+@0+2,R24
                 	STD  Z+@0+3,R25
                 	.ENDM
                 
                 	.MACRO __CLRD1S
                 	STD  Y+@0,R30
                 	STD  Y+@0+1,R30
                 	STD  Y+@0+2,R30
                 	STD  Y+@0+3,R30
                 	.ENDM
                 
                 	.MACRO __CPD10
                 	SBIW R30,0
                 	SBCI R22,0
                 	SBCI R23,0
                 	.ENDM
                 
                 	.MACRO __CPD20
                 	SBIW R26,0
                 	SBCI R24,0
                 	SBCI R25,0
                 	.ENDM
                 
                 	.MACRO __ADDD12
                 	ADD  R30,R26
                 	ADC  R31,R27
                 	ADC  R22,R24
                 	ADC  R23,R25
                 	.ENDM
                 
                 	.MACRO __ADDD21
                 	ADD  R26,R30
                 	ADC  R27,R31
                 	ADC  R24,R22
                 	ADC  R25,R23
                 	.ENDM
                 
                 	.MACRO __SUBD12
                 	SUB  R30,R26
                 	SBC  R31,R27
                 	SBC  R22,R24
                 	SBC  R23,R25
                 	.ENDM
                 
                 	.MACRO __SUBD21
                 	SUB  R26,R30
                 	SBC  R27,R31
                 	SBC  R24,R22
                 	SBC  R25,R23
                 	.ENDM
                 
                 	.MACRO __ANDD12
                 	AND  R30,R26
                 	AND  R31,R27
                 	AND  R22,R24
                 	AND  R23,R25
                 	.ENDM
                 
                 	.MACRO __ORD12
                 	OR   R30,R26
                 	OR   R31,R27
                 	OR   R22,R24
                 	OR   R23,R25
                 	.ENDM
                 
                 	.MACRO __XORD12
                 	EOR  R30,R26
                 	EOR  R31,R27
                 	EOR  R22,R24
                 	EOR  R23,R25
                 	.ENDM
                 
                 	.MACRO __XORD21
                 	EOR  R26,R30
                 	EOR  R27,R31
                 	EOR  R24,R22
                 	EOR  R25,R23
                 	.ENDM
                 
                 	.MACRO __COMD1
                 	COM  R30
                 	COM  R31
                 	COM  R22
                 	COM  R23
                 	.ENDM
                 
                 	.MACRO __MULD2_2
                 	LSL  R26
                 	ROL  R27
                 	ROL  R24
                 	ROL  R25
                 	.ENDM
                 
                 	.MACRO __LSRD1
                 	LSR  R23
                 	ROR  R22
                 	ROR  R31
                 	ROR  R30
                 	.ENDM
                 
                 	.MACRO __LSLD1
                 	LSL  R30
                 	ROL  R31
                 	ROL  R22
                 	ROL  R23
                 	.ENDM
                 
                 	.MACRO __ASRB4
                 	ASR  R30
                 	ASR  R30
                 	ASR  R30
                 	ASR  R30
                 	.ENDM
                 
                 	.MACRO __ASRW8
                 	MOV  R30,R31
                 	CLR  R31
                 	SBRC R30,7
                 	SER  R31
                 	.ENDM
                 
                 	.MACRO __LSRD16
                 	MOV  R30,R22
                 	MOV  R31,R23
                 	LDI  R22,0
                 	LDI  R23,0
                 	.ENDM
                 
                 	.MACRO __LSLD16
                 	MOV  R22,R30
                 	MOV  R23,R31
                 	LDI  R30,0
                 	LDI  R31,0
                 	.ENDM
                 
                 	.MACRO __CWD1
                 	MOV  R22,R31
                 	ADD  R22,R22
                 	SBC  R22,R22
                 	MOV  R23,R22
                 	.ENDM
                 
                 	.MACRO __CWD2
                 	MOV  R24,R27
                 	ADD  R24,R24
                 	SBC  R24,R24
                 	MOV  R25,R24
                 	.ENDM
                 
                 	.MACRO __SETMSD1
                 	SER  R31
                 	SER  R22
                 	SER  R23
                 	.ENDM
                 
                 	.MACRO __ADDW1R15
                 	CLR  R0
                 	ADD  R30,R15
                 	ADC  R31,R0
                 	.ENDM
                 
                 	.MACRO __ADDW2R15
                 	CLR  R0
                 	ADD  R26,R15
                 	ADC  R27,R0
                 	.ENDM
                 
                 	.MACRO __EQB12
                 	CP   R30,R26
                 	LDI  R30,1
                 	BREQ PC+2
                 	CLR  R30
                 	.ENDM
                 
                 	.MACRO __NEB12
                 	CP   R30,R26
                 	LDI  R30,1
                 	BRNE PC+2
                 	CLR  R30
                 	.ENDM
                 
                 	.MACRO __LEB12
                 	CP   R30,R26
                 	LDI  R30,1
                 	BRGE PC+2
                 	CLR  R30
                 	.ENDM
                 
                 	.MACRO __GEB12
                 	CP   R26,R30
                 	LDI  R30,1
                 	BRGE PC+2
                 	CLR  R30
                 	.ENDM
                 
                 	.MACRO __LTB12
                 	CP   R26,R30
                 	LDI  R30,1
                 	BRLT PC+2
                 	CLR  R30
                 	.ENDM
                 
                 	.MACRO __GTB12
                 	CP   R30,R26
                 	LDI  R30,1
                 	BRLT PC+2
                 	CLR  R30
                 	.ENDM
                 
                 	.MACRO __LEB12U
                 	CP   R30,R26
                 	LDI  R30,1
                 	BRSH PC+2
                 	CLR  R30
                 	.ENDM
                 
                 	.MACRO __GEB12U
                 	CP   R26,R30
                 	LDI  R30,1
                 	BRSH PC+2
                 	CLR  R30
                 	.ENDM
                 
                 	.MACRO __LTB12U
                 	CP   R26,R30
                 	LDI  R30,1
                 	BRLO PC+2
                 	CLR  R30
                 	.ENDM
                 
                 	.MACRO __GTB12U
                 	CP   R30,R26
                 	LDI  R30,1
                 	BRLO PC+2
                 	CLR  R30
                 	.ENDM
                 
                 	.MACRO __CPW01
                 	CLR  R0
                 	CP   R0,R30
                 	CPC  R0,R31
                 	.ENDM
                 
                 	.MACRO __CPW02
                 	CLR  R0
                 	CP   R0,R26
                 	CPC  R0,R27
                 	.ENDM
                 
                 	.MACRO __CPD12
                 	CP   R30,R26
                 	CPC  R31,R27
                 	CPC  R22,R24
                 	CPC  R23,R25
                 	.ENDM
                 
                 	.MACRO __CPD21
                 	CP   R26,R30
                 	CPC  R27,R31
                 	CPC  R24,R22
                 	CPC  R25,R23
                 	.ENDM
                 
                 	.MACRO __BSTB1
                 	CLT
                 	TST  R30
                 	BREQ PC+2
                 	SET
                 	.ENDM
                 
                 	.MACRO __LNEGB1
                 	TST  R30
                 	LDI  R30,1
                 	BREQ PC+2
                 	CLR  R30
                 	.ENDM
                 
                 	.MACRO __LNEGW1
                 	OR   R30,R31
                 	LDI  R30,1
                 	BREQ PC+2
                 	LDI  R30,0
                 	.ENDM
                 
                 	.MACRO __POINTB1MN
                 	LDI  R30,LOW(@0+(@1))
                 	.ENDM
                 
                 	.MACRO __POINTW1MN
                 	LDI  R30,LOW(@0+(@1))
                 	LDI  R31,HIGH(@0+(@1))
                 	.ENDM
                 
                 	.MACRO __POINTD1M
                 	LDI  R30,LOW(@0)
                 	LDI  R31,HIGH(@0)
                 	LDI  R22,BYTE3(@0)
                 	LDI  R23,BYTE4(@0)
                 	.ENDM
                 
                 	.MACRO __POINTW1FN
                 	LDI  R30,LOW(2*@0+(@1))
                 	LDI  R31,HIGH(2*@0+(@1))
                 	.ENDM
                 
                 	.MACRO __POINTD1FN
                 	LDI  R30,LOW(2*@0+(@1))
                 	LDI  R31,HIGH(2*@0+(@1))
                 	LDI  R22,BYTE3(2*@0+(@1))
                 	LDI  R23,BYTE4(2*@0+(@1))
                 	.ENDM
                 
                 	.MACRO __POINTB2MN
                 	LDI  R26,LOW(@0+(@1))
                 	.ENDM
                 
                 	.MACRO __POINTW2MN
                 	LDI  R26,LOW(@0+(@1))
                 	LDI  R27,HIGH(@0+(@1))
                 	.ENDM
                 
                 	.MACRO __POINTD2M
                 	LDI  R26,LOW(@0)
                 	LDI  R27,HIGH(@0)
                 	LDI  R24,BYTE3(@0)
                 	LDI  R25,BYTE4(@0)
                 	.ENDM
                 
                 	.MACRO __POINTW2FN
                 	LDI  R26,LOW(2*@0+(@1))
                 	LDI  R27,HIGH(2*@0+(@1))
                 	.ENDM
                 
                 	.MACRO __POINTD2FN
                 	LDI  R26,LOW(2*@0+(@1))
                 	LDI  R27,HIGH(2*@0+(@1))
                 	LDI  R24,BYTE3(2*@0+(@1))
                 	LDI  R25,BYTE4(2*@0+(@1))
                 	.ENDM
                 
                 	.MACRO __POINTBRM
                 	LDI  R@0,LOW(@1)
                 	.ENDM
                 
                 	.MACRO __POINTWRM
                 	LDI  R@0,LOW(@2)
                 	LDI  R@1,HIGH(@2)
                 	.ENDM
                 
                 	.MACRO __POINTBRMN
                 	LDI  R@0,LOW(@1+(@2))
                 	.ENDM
                 
                 	.MACRO __POINTWRMN
                 	LDI  R@0,LOW(@2+(@3))
                 	LDI  R@1,HIGH(@2+(@3))
                 	.ENDM
                 
                 	.MACRO __POINTWRFN
                 	LDI  R@0,LOW(@2*2+(@3))
                 	LDI  R@1,HIGH(@2*2+(@3))
                 	.ENDM
                 
                 	.MACRO __GETD1N
                 	LDI  R30,LOW(@0)
                 	LDI  R31,HIGH(@0)
                 	LDI  R22,BYTE3(@0)
                 	LDI  R23,BYTE4(@0)
                 	.ENDM
                 
                 	.MACRO __GETD2N
                 	LDI  R26,LOW(@0)
                 	LDI  R27,HIGH(@0)
                 	LDI  R24,BYTE3(@0)
                 	LDI  R25,BYTE4(@0)
                 	.ENDM
                 
                 	.MACRO __GETB1MN
                 	LDS  R30,@0+(@1)
                 	.ENDM
                 
                 	.MACRO __GETB1HMN
                 	LDS  R31,@0+(@1)
                 	.ENDM
                 
                 	.MACRO __GETW1MN
                 	LDS  R30,@0+(@1)
                 	LDS  R31,@0+(@1)+1
                 	.ENDM
                 
                 	.MACRO __GETD1MN
                 	LDS  R30,@0+(@1)
                 	LDS  R31,@0+(@1)+1
                 	LDS  R22,@0+(@1)+2
                 	LDS  R23,@0+(@1)+3
                 	.ENDM
                 
                 	.MACRO __GETBRMN
                 	LDS  R@0,@1+(@2)
                 	.ENDM
                 
                 	.MACRO __GETWRMN
                 	LDS  R@0,@2+(@3)
                 	LDS  R@1,@2+(@3)+1
                 	.ENDM
                 
                 	.MACRO __GETWRZ
                 	LDD  R@0,Z+@2
                 	LDD  R@1,Z+@2+1
                 	.ENDM
                 
                 	.MACRO __GETD2Z
                 	LDD  R26,Z+@0
                 	LDD  R27,Z+@0+1
                 	LDD  R24,Z+@0+2
                 	LDD  R25,Z+@0+3
                 	.ENDM
                 
                 	.MACRO __GETB2MN
                 	LDS  R26,@0+(@1)
                 	.ENDM
                 
                 	.MACRO __GETW2MN
                 	LDS  R26,@0+(@1)
                 	LDS  R27,@0+(@1)+1
                 	.ENDM
                 
                 	.MACRO __GETD2MN
                 	LDS  R26,@0+(@1)
                 	LDS  R27,@0+(@1)+1
                 	LDS  R24,@0+(@1)+2
                 	LDS  R25,@0+(@1)+3
                 	.ENDM
                 
                 	.MACRO __PUTB1MN
                 	STS  @0+(@1),R30
                 	.ENDM
                 
                 	.MACRO __PUTW1MN
                 	STS  @0+(@1),R30
                 	STS  @0+(@1)+1,R31
                 	.ENDM
                 
                 	.MACRO __PUTD1MN
                 	STS  @0+(@1),R30
                 	STS  @0+(@1)+1,R31
                 	STS  @0+(@1)+2,R22
                 	STS  @0+(@1)+3,R23
                 	.ENDM
                 
                 	.MACRO __PUTB1EN
                 	LDI  R26,LOW(@0+(@1))
                 	LDI  R27,HIGH(@0+(@1))
                 	CALL __EEPROMWRB
                 	.ENDM
                 
                 	.MACRO __PUTW1EN
                 	LDI  R26,LOW(@0+(@1))
                 	LDI  R27,HIGH(@0+(@1))
                 	CALL __EEPROMWRW
                 	.ENDM
                 
                 	.MACRO __PUTD1EN
                 	LDI  R26,LOW(@0+(@1))
                 	LDI  R27,HIGH(@0+(@1))
                 	CALL __EEPROMWRD
                 	.ENDM
                 
                 	.MACRO __PUTBR0MN
                 	STS  @0+(@1),R0
                 	.ENDM
                 
                 	.MACRO __PUTBMRN
                 	STS  @0+(@1),R@2
                 	.ENDM
                 
                 	.MACRO __PUTWMRN
                 	STS  @0+(@1),R@2
                 	STS  @0+(@1)+1,R@3
                 	.ENDM
                 
                 	.MACRO __PUTBZR
                 	STD  Z+@1,R@0
                 	.ENDM
                 
                 	.MACRO __PUTWZR
                 	STD  Z+@2,R@0
                 	STD  Z+@2+1,R@1
                 	.ENDM
                 
                 	.MACRO __GETW1R
                 	MOV  R30,R@0
                 	MOV  R31,R@1
                 	.ENDM
                 
                 	.MACRO __GETW2R
                 	MOV  R26,R@0
                 	MOV  R27,R@1
                 	.ENDM
                 
                 	.MACRO __GETWRN
                 	LDI  R@0,LOW(@2)
                 	LDI  R@1,HIGH(@2)
                 	.ENDM
                 
                 	.MACRO __PUTW1R
                 	MOV  R@0,R30
                 	MOV  R@1,R31
                 	.ENDM
                 
                 	.MACRO __PUTW2R
                 	MOV  R@0,R26
                 	MOV  R@1,R27
                 	.ENDM
                 
                 	.MACRO __ADDWRN
                 	SUBI R@0,LOW(-@2)
                 	SBCI R@1,HIGH(-@2)
                 	.ENDM
                 
                 	.MACRO __ADDWRR
                 	ADD  R@0,R@2
                 	ADC  R@1,R@3
                 	.ENDM
                 
                 	.MACRO __SUBWRN
                 	SUBI R@0,LOW(@2)
                 	SBCI R@1,HIGH(@2)
                 	.ENDM
                 
                 	.MACRO __SUBWRR
                 	SUB  R@0,R@2
                 	SBC  R@1,R@3
                 	.ENDM
                 
                 	.MACRO __ANDWRN
                 	ANDI R@0,LOW(@2)
                 	ANDI R@1,HIGH(@2)
                 	.ENDM
                 
                 	.MACRO __ANDWRR
                 	AND  R@0,R@2
                 	AND  R@1,R@3
                 	.ENDM
                 
                 	.MACRO __ORWRN
                 	ORI  R@0,LOW(@2)
                 	ORI  R@1,HIGH(@2)
                 	.ENDM
                 
                 	.MACRO __ORWRR
                 	OR   R@0,R@2
                 	OR   R@1,R@3
                 	.ENDM
                 
                 	.MACRO __EORWRR
                 	EOR  R@0,R@2
                 	EOR  R@1,R@3
                 	.ENDM
                 
                 	.MACRO __GETWRS
                 	LDD  R@0,Y+@2
                 	LDD  R@1,Y+@2+1
                 	.ENDM
                 
                 	.MACRO __PUTBSR
                 	STD  Y+@1,R@0
                 	.ENDM
                 
                 	.MACRO __PUTWSR
                 	STD  Y+@2,R@0
                 	STD  Y+@2+1,R@1
                 	.ENDM
                 
                 	.MACRO __MOVEWRR
                 	MOV  R@0,R@2
                 	MOV  R@1,R@3
                 	.ENDM
                 
                 	.MACRO __INWR
                 	IN   R@0,@2
                 	IN   R@1,@2+1
                 	.ENDM
                 
                 	.MACRO __OUTWR
                 	OUT  @2+1,R@1
                 	OUT  @2,R@0
                 	.ENDM
                 
                 	.MACRO __CALL1MN
                 	LDS  R30,@0+(@1)
                 	LDS  R31,@0+(@1)+1
                 	ICALL
                 	.ENDM
                 
                 	.MACRO __CALL1FN
                 	LDI  R30,LOW(2*@0+(@1))
                 	LDI  R31,HIGH(2*@0+(@1))
                 	CALL __GETW1PF
                 	ICALL
                 	.ENDM
                 
                 	.MACRO __CALL2EN
                 	PUSH R26
                 	PUSH R27
                 	LDI  R26,LOW(@0+(@1))
                 	LDI  R27,HIGH(@0+(@1))
                 	CALL __EEPROMRDW
                 	POP  R27
                 	POP  R26
                 	ICALL
                 	.ENDM
                 
                 	.MACRO __CALL2EX
                 	SUBI R26,LOW(-@0)
                 	SBCI R27,HIGH(-@0)
                 	CALL __EEPROMRDD
                 	ICALL
                 	.ENDM
                 
                 	.MACRO __GETW1STACK
                 	IN   R30,SPL
                 	IN   R31,SPH
                 	ADIW R30,@0+1
                 	LD   R0,Z+
                 	LD   R31,Z
                 	MOV  R30,R0
                 	.ENDM
                 
                 	.MACRO __GETD1STACK
                 	IN   R30,SPL
                 	IN   R31,SPH
                 	ADIW R30,@0+1
                 	LD   R0,Z+
                 	LD   R1,Z+
                 	LD   R22,Z
                 	MOVW R30,R0
                 	.ENDM
                 
                 	.MACRO __NBST
                 	BST  R@0,@1
                 	IN   R30,SREG
                 	LDI  R31,0x40
                 	EOR  R30,R31
                 	OUT  SREG,R30
                 	.ENDM
                 
                 
                 	.MACRO __PUTB1SN
                 	LDD  R26,Y+@0
                 	LDD  R27,Y+@0+1
                 	SUBI R26,LOW(-@1)
                 	SBCI R27,HIGH(-@1)
                 	ST   X,R30
                 	.ENDM
                 
                 	.MACRO __PUTW1SN
                 	LDD  R26,Y+@0
                 	LDD  R27,Y+@0+1
                 	SUBI R26,LOW(-@1)
                 	SBCI R27,HIGH(-@1)
                 	ST   X+,R30
                 	ST   X,R31
                 	.ENDM
                 
                 	.MACRO __PUTD1SN
                 	LDD  R26,Y+@0
                 	LDD  R27,Y+@0+1
                 	SUBI R26,LOW(-@1)
                 	SBCI R27,HIGH(-@1)
                 	ST   X+,R30
                 	ST   X+,R31
                 	ST   X+,R22
                 	ST   X,R23
                 	.ENDM
                 
                 	.MACRO __PUTB1SNS
                 	LDD  R26,Y+@0
                 	LDD  R27,Y+@0+1
                 	ADIW R26,@1
                 	ST   X,R30
                 	.ENDM
                 
                 	.MACRO __PUTW1SNS
                 	LDD  R26,Y+@0
                 	LDD  R27,Y+@0+1
                 	ADIW R26,@1
                 	ST   X+,R30
                 	ST   X,R31
                 	.ENDM
                 
                 	.MACRO __PUTD1SNS
                 	LDD  R26,Y+@0
                 	LDD  R27,Y+@0+1
                 	ADIW R26,@1
                 	ST   X+,R30
                 	ST   X+,R31
                 	ST   X+,R22
                 	ST   X,R23
                 	.ENDM
                 
                 	.MACRO __PUTB1PMN
                 	LDS  R26,@0
                 	LDS  R27,@0+1
                 	SUBI R26,LOW(-@1)
                 	SBCI R27,HIGH(-@1)
                 	ST   X,R30
                 	.ENDM
                 
                 	.MACRO __PUTW1PMN
                 	LDS  R26,@0
                 	LDS  R27,@0+1
                 	SUBI R26,LOW(-@1)
                 	SBCI R27,HIGH(-@1)
                 	ST   X+,R30
                 	ST   X,R31
                 	.ENDM
                 
                 	.MACRO __PUTD1PMN
                 	LDS  R26,@0
                 	LDS  R27,@0+1
                 	SUBI R26,LOW(-@1)
                 	SBCI R27,HIGH(-@1)
                 	ST   X+,R30
                 	ST   X+,R31
                 	ST   X+,R22
                 	ST   X,R23
                 	.ENDM
                 
                 	.MACRO __PUTB1PMNS
                 	LDS  R26,@0
                 	LDS  R27,@0+1
                 	ADIW R26,@1
                 	ST   X,R30
                 	.ENDM
                 
                 	.MACRO __PUTW1PMNS
                 	LDS  R26,@0
                 	LDS  R27,@0+1
                 	ADIW R26,@1
                 	ST   X+,R30
                 	ST   X,R31
                 	.ENDM
                 
                 	.MACRO __PUTD1PMNS
                 	LDS  R26,@0
                 	LDS  R27,@0+1
                 	ADIW R26,@1
                 	ST   X+,R30
                 	ST   X+,R31
                 	ST   X+,R22
                 	ST   X,R23
                 	.ENDM
                 
                 	.MACRO __PUTB1RN
                 	MOVW R26,R@0
                 	SUBI R26,LOW(-@1)
                 	SBCI R27,HIGH(-@1)
                 	ST   X,R30
                 	.ENDM
                 
                 	.MACRO __PUTW1RN
                 	MOVW R26,R@0
                 	SUBI R26,LOW(-@1)
                 	SBCI R27,HIGH(-@1)
                 	ST   X+,R30
                 	ST   X,R31
                 	.ENDM
                 
                 	.MACRO __PUTD1RN
                 	MOVW R26,R@0
                 	SUBI R26,LOW(-@1)
                 	SBCI R27,HIGH(-@1)
                 	ST   X+,R30
                 	ST   X+,R31
                 	ST   X+,R22
                 	ST   X,R23
                 	.ENDM
                 
                 	.MACRO __PUTB1RNS
                 	MOVW R26,R@0
                 	ADIW R26,@1
                 	ST   X,R30
                 	.ENDM
                 
                 	.MACRO __PUTW1RNS
                 	MOVW R26,R@0
                 	ADIW R26,@1
                 	ST   X+,R30
                 	ST   X,R31
                 	.ENDM
                 
                 	.MACRO __PUTD1RNS
                 	MOVW R26,R@0
                 	ADIW R26,@1
                 	ST   X+,R30
                 	ST   X+,R31
                 	ST   X+,R22
                 	ST   X,R23
                 	.ENDM
                 
                 	.MACRO __PUTB1RON
                 	MOV  R26,R@0
                 	MOV  R27,R@1
                 	SUBI R26,LOW(-@2)
                 	SBCI R27,HIGH(-@2)
                 	ST   X,R30
                 	.ENDM
                 
                 	.MACRO __PUTW1RON
                 	MOV  R26,R@0
                 	MOV  R27,R@1
                 	SUBI R26,LOW(-@2)
                 	SBCI R27,HIGH(-@2)
                 	ST   X+,R30
                 	ST   X,R31
                 	.ENDM
                 
                 	.MACRO __PUTD1RON
                 	MOV  R26,R@0
                 	MOV  R27,R@1
                 	SUBI R26,LOW(-@2)
                 	SBCI R27,HIGH(-@2)
                 	ST   X+,R30
                 	ST   X+,R31
                 	ST   X+,R22
                 	ST   X,R23
                 	.ENDM
                 
                 	.MACRO __PUTB1RONS
                 	MOV  R26,R@0
                 	MOV  R27,R@1
                 	ADIW R26,@2
                 	ST   X,R30
                 	.ENDM
                 
                 	.MACRO __PUTW1RONS
                 	MOV  R26,R@0
                 	MOV  R27,R@1
                 	ADIW R26,@2
                 	ST   X+,R30
                 	ST   X,R31
                 	.ENDM
                 
                 	.MACRO __PUTD1RONS
                 	MOV  R26,R@0
                 	MOV  R27,R@1
                 	ADIW R26,@2
                 	ST   X+,R30
                 	ST   X+,R31
                 	ST   X+,R22
                 	ST   X,R23
                 	.ENDM
                 
                 
                 	.MACRO __GETB1SX
                 	MOVW R30,R28
                 	SUBI R30,LOW(-@0)
                 	SBCI R31,HIGH(-@0)
                 	LD   R30,Z
                 	.ENDM
                 
                 	.MACRO __GETB1HSX
                 	MOVW R30,R28
                 	SUBI R30,LOW(-@0)
                 	SBCI R31,HIGH(-@0)
                 	LD   R31,Z
                 	.ENDM
                 
                 	.MACRO __GETW1SX
                 	MOVW R30,R28
                 	SUBI R30,LOW(-@0)
                 	SBCI R31,HIGH(-@0)
                 	CALL __GETW1Z
                 	.ENDM
                 
                 	.MACRO __GETD1SX
                 	MOVW R30,R28
                 	SUBI R30,LOW(-@0)
                 	SBCI R31,HIGH(-@0)
                 	CALL __GETD1Z
                 	.ENDM
                 
                 	.MACRO __GETB2SX
                 	MOVW R26,R28
                 	SUBI R26,LOW(-@0)
                 	SBCI R27,HIGH(-@0)
                 	LD   R26,X
                 	.ENDM
                 
                 	.MACRO __GETW2SX
                 	MOVW R26,R28
                 	SUBI R26,LOW(-@0)
                 	SBCI R27,HIGH(-@0)
                 	CALL __GETW2X
                 	.ENDM
                 
                 	.MACRO __GETD2SX
                 	MOVW R26,R28
                 	SUBI R26,LOW(-@0)
                 	SBCI R27,HIGH(-@0)
                 	CALL __GETD2X
                 	.ENDM
                 
                 	.MACRO __GETBRSX
                 	MOVW R30,R28
                 	SUBI R30,LOW(-@1)
                 	SBCI R31,HIGH(-@1)
                 	LD   R@0,Z
                 	.ENDM
                 
                 	.MACRO __GETWRSX
                 	MOVW R30,R28
                 	SUBI R30,LOW(-@2)
                 	SBCI R31,HIGH(-@2)
                 	LD   R@0,Z+
                 	LD   R@1,Z
                 	.ENDM
                 
                 	.MACRO __GETBRSX2
                 	MOVW R26,R28
                 	SUBI R26,LOW(-@1)
                 	SBCI R27,HIGH(-@1)
                 	LD   R@0,X
                 	.ENDM
                 
                 	.MACRO __GETWRSX2
                 	MOVW R26,R28
                 	SUBI R26,LOW(-@2)
                 	SBCI R27,HIGH(-@2)
                 	LD   R@0,X+
                 	LD   R@1,X
                 	.ENDM
                 
                 	.MACRO __LSLW8SX
                 	MOVW R30,R28
                 	SUBI R30,LOW(-@0)
                 	SBCI R31,HIGH(-@0)
                 	LD   R31,Z
                 	CLR  R30
                 	.ENDM
                 
                 	.MACRO __PUTB1SX
                 	MOVW R26,R28
                 	SUBI R26,LOW(-@0)
                 	SBCI R27,HIGH(-@0)
                 	ST   X,R30
                 	.ENDM
                 
                 	.MACRO __PUTW1SX
                 	MOVW R26,R28
                 	SUBI R26,LOW(-@0)
                 	SBCI R27,HIGH(-@0)
                 	ST   X+,R30
                 	ST   X,R31
                 	.ENDM
                 
                 	.MACRO __PUTD1SX
                 	MOVW R26,R28
                 	SUBI R26,LOW(-@0)
                 	SBCI R27,HIGH(-@0)
                 	ST   X+,R30
                 	ST   X+,R31
                 	ST   X+,R22
                 	ST   X,R23
                 	.ENDM
                 
                 	.MACRO __CLRW1SX
                 	MOVW R26,R28
                 	SUBI R26,LOW(-@0)
                 	SBCI R27,HIGH(-@0)
                 	ST   X+,R30
                 	ST   X,R30
                 	.ENDM
                 
                 	.MACRO __CLRD1SX
                 	MOVW R26,R28
                 	SUBI R26,LOW(-@0)
                 	SBCI R27,HIGH(-@0)
                 	ST   X+,R30
                 	ST   X+,R30
                 	ST   X+,R30
                 	ST   X,R30
                 	.ENDM
                 
                 	.MACRO __PUTB2SX
                 	MOVW R30,R28
                 	SUBI R30,LOW(-@0)
                 	SBCI R31,HIGH(-@0)
                 	ST   Z,R26
                 	.ENDM
                 
                 	.MACRO __PUTW2SX
                 	MOVW R30,R28
                 	SUBI R30,LOW(-@0)
                 	SBCI R31,HIGH(-@0)
                 	ST   Z+,R26
                 	ST   Z,R27
                 	.ENDM
                 
                 	.MACRO __PUTD2SX
                 	MOVW R30,R28
                 	SUBI R30,LOW(-@0)
                 	SBCI R31,HIGH(-@0)
                 	ST   Z+,R26
                 	ST   Z+,R27
                 	ST   Z+,R24
                 	ST   Z,R25
                 	.ENDM
                 
                 	.MACRO __PUTBSRX
                 	MOVW R30,R28
                 	SUBI R30,LOW(-@1)
                 	SBCI R31,HIGH(-@1)
                 	ST   Z,R@0
                 	.ENDM
                 
                 	.MACRO __PUTWSRX
                 	MOVW R30,R28
                 	SUBI R30,LOW(-@2)
                 	SBCI R31,HIGH(-@2)
                 	ST   Z+,R@0
                 	ST   Z,R@1
                 	.ENDM
                 
                 	.MACRO __PUTB1SNX
                 	MOVW R26,R28
                 	SUBI R26,LOW(-@0)
                 	SBCI R27,HIGH(-@0)
                 	LD   R0,X+
                 	LD   R27,X
                 	MOV  R26,R0
                 	SUBI R26,LOW(-@1)
                 	SBCI R27,HIGH(-@1)
                 	ST   X,R30
                 	.ENDM
                 
                 	.MACRO __PUTW1SNX
                 	MOVW R26,R28
                 	SUBI R26,LOW(-@0)
                 	SBCI R27,HIGH(-@0)
                 	LD   R0,X+
                 	LD   R27,X
                 	MOV  R26,R0
                 	SUBI R26,LOW(-@1)
                 	SBCI R27,HIGH(-@1)
                 	ST   X+,R30
                 	ST   X,R31
                 	.ENDM
                 
                 	.MACRO __PUTD1SNX
                 	MOVW R26,R28
                 	SUBI R26,LOW(-@0)
                 	SBCI R27,HIGH(-@0)
                 	LD   R0,X+
                 	LD   R27,X
                 	MOV  R26,R0
                 	SUBI R26,LOW(-@1)
                 	SBCI R27,HIGH(-@1)
                 	ST   X+,R30
                 	ST   X+,R31
                 	ST   X+,R22
                 	ST   X,R23
                 	.ENDM
                 
                 	.MACRO __MULBRR
                 	MULS R@0,R@1
                 	MOVW R30,R0
                 	.ENDM
                 
                 	.MACRO __MULBRRU
                 	MUL  R@0,R@1
                 	MOVW R30,R0
                 	.ENDM
                 
                 	.MACRO __MULBRR0
                 	MULS R@0,R@1
                 	.ENDM
                 
                 	.MACRO __MULBRRU0
                 	MUL  R@0,R@1
                 	.ENDM
                 
                 	.MACRO __MULBNWRU
                 	LDI  R26,@2
                 	MUL  R26,R@0
                 	MOVW R30,R0
                 	MUL  R26,R@1
                 	ADD  R31,R0
                 	.ENDM
                 
                 ;NAME DEFINITIONS FOR GLOBAL VARIABLES ALLOCATED TO REGISTERS
                 	.DEF _a=R5
                 	.DEF _counter1=R4
                 	.DEF _counter2=R7
                 	.DEF _counter3=R6
                 	.DEF _counter4=R9
                 	.DEF _counter5=R8
                 	.DEF _counter6=R11
                 	.DEF _idx=R12
                 	.DEF _idx_msb=R13
                 
                 	.CSEG
                 	.ORG 0x00
                 
                 ;START OF CODE MARKER
                 __START_OF_CODE:
                 
                 ;INTERRUPT VECTORS
000000 940c 003b 	JMP  __RESET
000002 940c 0000 	JMP  0x00
000004 940c 0000 	JMP  0x00
000006 940c 0000 	JMP  0x00
000008 940c 0000 	JMP  0x00
00000a 940c 0000 	JMP  0x00
00000c 940c 0000 	JMP  0x00
00000e 940c 0000 	JMP  0x00
000010 940c 0000 	JMP  0x00
000012 940c 0000 	JMP  0x00
000014 940c 00dd 	JMP  _timer0_comp_isr
000016 940c 0000 	JMP  0x00
000018 940c 0000 	JMP  0x00
00001a 940c 0000 	JMP  0x00
00001c 940c 0000 	JMP  0x00
00001e 940c 0000 	JMP  0x00
000020 940c 0000 	JMP  0x00
000022 940c 0000 	JMP  0x00
000024 940c 0000 	JMP  0x00
000026 940c 0000 	JMP  0x00
000028 940c 0000 	JMP  0x00
                 
                 _tbl10_G100:
00002a 2710
00002b 03e8
00002c 0064
00002d 000a      	.DB  0x10,0x27,0xE8,0x3,0x64,0x0,0xA,0x0
00002e 0001      	.DB  0x1,0x0
                 _tbl16_G100:
00002f 1000
000030 0100
000031 0010
000032 0001      	.DB  0x0,0x10,0x0,0x1,0x10,0x0,0x1,0x0
                 
                 ;GLOBAL REGISTER VARIABLES INITIALIZATION
                 __REG_VARS:
000033 0061
000034 6161      	.DB  0x61,0x0,0x61,0x61
000035 6161
000036 6200      	.DB  0x61,0x61,0x0,0x62
                 
                 
                 __GLOBAL_INI_TBL:
000037 0008      	.DW  0x08
000038 0004      	.DW  0x04
000039 0066      	.DW  __REG_VARS*2
                 
                 _0xFFFFFFFF:
00003a 0000      	.DW  0
                 
                 #define __GLOBAL_INI_TBL_PRESENT 1
                 
                 __RESET:
00003b 94f8      	CLI
                 
00003c 27ee      	CLR  R30
00003d bbec      	OUT  EECR,R30
                 
                 ;INTERRUPT VECTORS ARE PLACED
                 ;AT THE START OF FLASH
00003e e0f1      	LDI  R31,1
00003f bffb      	OUT  GICR,R31
000040 bfeb      	OUT  GICR,R30
000041 bfe5      	OUT  MCUCR,R30
                 
                 ;CLEAR R2-R14
000042 e08d      	LDI  R24,(14-2)+1
000043 e0a2      	LDI  R26,2
000044 27bb      	CLR  R27
                 __CLEAR_REG:
000045 93ed      	ST   X+,R30
000046 958a      	DEC  R24
000047 f7e9      	BRNE __CLEAR_REG
                 
                 ;CLEAR SRAM
000048 e080      	LDI  R24,LOW(__CLEAR_SRAM_SIZE)
000049 e098      	LDI  R25,HIGH(__CLEAR_SRAM_SIZE)
00004a e6a0      	LDI  R26,__SRAM_START
                 __CLEAR_SRAM:
00004b 93ed      	ST   X+,R30
00004c 9701      	SBIW R24,1
00004d f7e9      	BRNE __CLEAR_SRAM
                 
                 ;GLOBAL VARIABLES INITIALIZATION
00004e e6ee      	LDI  R30,LOW(__GLOBAL_INI_TBL*2)
00004f e0f0      	LDI  R31,HIGH(__GLOBAL_INI_TBL*2)
                 __GLOBAL_INI_NEXT:
000050 9185      	LPM  R24,Z+
000051 9195      	LPM  R25,Z+
000052 9700      	SBIW R24,0
000053 f061      	BREQ __GLOBAL_INI_END
000054 91a5      	LPM  R26,Z+
000055 91b5      	LPM  R27,Z+
000056 9005      	LPM  R0,Z+
000057 9015      	LPM  R1,Z+
000058 01bf      	MOVW R22,R30
000059 01f0      	MOVW R30,R0
                 __GLOBAL_INI_LOOP:
00005a 9005      	LPM  R0,Z+
00005b 920d      	ST   X+,R0
00005c 9701      	SBIW R24,1
00005d f7e1      	BRNE __GLOBAL_INI_LOOP
00005e 01fb      	MOVW R30,R22
00005f cff0      	RJMP __GLOBAL_INI_NEXT
                 __GLOBAL_INI_END:
                 
                 ;HARDWARE STACK POINTER INITIALIZATION
000060 e5ef      	LDI  R30,LOW(__SRAM_END-__HEAP_SIZE)
000061 bfed      	OUT  SPL,R30
000062 e0e8      	LDI  R30,HIGH(__SRAM_END-__HEAP_SIZE)
000063 bfee      	OUT  SPH,R30
                 
                 ;DATA STACK POINTER INITIALIZATION
000064 e6c0      	LDI  R28,LOW(__SRAM_START+__DSTACK_SIZE)
000065 e0d2      	LDI  R29,HIGH(__SRAM_START+__DSTACK_SIZE)
                 
000066 940c 0134 	JMP  _main
                 
                 	.ESEG
                 	.ORG 0x00
                 
                 	.DSEG
                 	.ORG 0x260
                 
                 	.CSEG
                 	#ifndef __SLEEP_DEFINED__
                 	#define __SLEEP_DEFINED__
                 	.EQU __se_bit=0x80
                 	.EQU __sm_mask=0x70
                 	.EQU __sm_powerdown=0x20
                 	.EQU __sm_powersave=0x30
                 	.EQU __sm_standby=0x60
                 	.EQU __sm_ext_standby=0x70
                 	.EQU __sm_adc_noise_red=0x10
                 	.SET power_ctrl_reg=mcucr
                 	#endif
                 ;unsigned char number (unsigned char digit) {
                 ; 0000 0022 unsigned char number (unsigned char digit) {
                 
                 	.CSEG
                 _number:
                 ; .FSTART _number
                 ; 0000 0023 if (digit == 0) {
000068 93aa      	ST   -Y,R26
                 ;	digit -> Y+0
000069 81e8      	LD   R30,Y
00006a 30e0      	CPI  R30,0
00006b f411      	BRNE _0x3
                 ; 0000 0024 return 0x3F;
00006c e3ef      	LDI  R30,LOW(63)
00006d c06d      	RJMP _0x2060001
                 ; 0000 0025 }
                 ; 0000 0026 if (digit == 1) {
                 _0x3:
00006e 81a8      	LD   R26,Y
00006f 30a1      	CPI  R26,LOW(0x1)
000070 f411      	BRNE _0x4
                 ; 0000 0027 return 0x06;
000071 e0e6      	LDI  R30,LOW(6)
000072 c068      	RJMP _0x2060001
                 ; 0000 0028 }
                 ; 0000 0029 if (digit == 2) {
                 _0x4:
000073 81a8      	LD   R26,Y
000074 30a2      	CPI  R26,LOW(0x2)
000075 f411      	BRNE _0x5
                 ; 0000 002A return 0x5B;
000076 e5eb      	LDI  R30,LOW(91)
000077 c063      	RJMP _0x2060001
                 ; 0000 002B }
                 ; 0000 002C if (digit == 3) {
                 _0x5:
000078 81a8      	LD   R26,Y
000079 30a3      	CPI  R26,LOW(0x3)
00007a f411      	BRNE _0x6
                 ; 0000 002D return 0x4F;
00007b e4ef      	LDI  R30,LOW(79)
00007c c05e      	RJMP _0x2060001
                 ; 0000 002E }
                 ; 0000 002F if (digit == 4) {
                 _0x6:
00007d 81a8      	LD   R26,Y
00007e 30a4      	CPI  R26,LOW(0x4)
00007f f411      	BRNE _0x7
                 ; 0000 0030 return 0x66;
000080 e6e6      	LDI  R30,LOW(102)
000081 c059      	RJMP _0x2060001
                 ; 0000 0031 }
                 ; 0000 0032 if (digit == 5) {
                 _0x7:
000082 81a8      	LD   R26,Y
000083 30a5      	CPI  R26,LOW(0x5)
000084 f411      	BRNE _0x8
                 ; 0000 0033 return 0x6D;
000085 e6ed      	LDI  R30,LOW(109)
000086 c054      	RJMP _0x2060001
                 ; 0000 0034 }
                 ; 0000 0035 if (digit == 6) {
                 _0x8:
000087 81a8      	LD   R26,Y
000088 30a6      	CPI  R26,LOW(0x6)
000089 f411      	BRNE _0x9
                 ; 0000 0036 return 0x7D;
00008a e7ed      	LDI  R30,LOW(125)
00008b c04f      	RJMP _0x2060001
                 ; 0000 0037 }
                 ; 0000 0038 if (digit == 7) {
                 _0x9:
00008c 81a8      	LD   R26,Y
00008d 30a7      	CPI  R26,LOW(0x7)
00008e f411      	BRNE _0xA
                 ; 0000 0039 return 0x07;
00008f e0e7      	LDI  R30,LOW(7)
000090 c04a      	RJMP _0x2060001
                 ; 0000 003A }
                 ; 0000 003B if (digit == 8) {
                 _0xA:
000091 81a8      	LD   R26,Y
000092 30a8      	CPI  R26,LOW(0x8)
000093 f411      	BRNE _0xB
                 ; 0000 003C return 0x7F;
000094 e7ef      	LDI  R30,LOW(127)
000095 c045      	RJMP _0x2060001
                 ; 0000 003D }
                 ; 0000 003E if (digit == 9) {
                 _0xB:
000096 81a8      	LD   R26,Y
000097 30a9      	CPI  R26,LOW(0x9)
000098 f411      	BRNE _0xC
                 ; 0000 003F return 0x6F;
000099 e6ef      	LDI  R30,LOW(111)
00009a c040      	RJMP _0x2060001
                 ; 0000 0040 }
                 ; 0000 0041 }
                 _0xC:
00009b c03f      	RJMP _0x2060001
                 ; .FEND
                 ;void set_number(char c){
                 ; 0000 0043 void set_number(char c){
                 _set_number:
                 ; .FSTART _set_number
                 ; 0000 0044 if (c == '0'){
00009c 93aa      	ST   -Y,R26
                 ;	c -> Y+0
00009d 81a8      	LD   R26,Y
00009e 33a0      	CPI  R26,LOW(0x30)
00009f f419      	BRNE _0xD
                 ; 0000 0045 PORTC = number(0);
0000a0 e0a0      	LDI  R26,LOW(0)
0000a1 dfc6      	RCALL _number
0000a2 c037      	RJMP _0x31
                 ; 0000 0046 }
                 ; 0000 0047 else if (c == '1'){
                 _0xD:
0000a3 81a8      	LD   R26,Y
0000a4 33a1      	CPI  R26,LOW(0x31)
0000a5 f419      	BRNE _0xF
                 ; 0000 0048 PORTC = number(1);
0000a6 e0a1      	LDI  R26,LOW(1)
0000a7 dfc0      	RCALL _number
0000a8 c031      	RJMP _0x31
                 ; 0000 0049 }
                 ; 0000 004A else if (c == '2'){
                 _0xF:
0000a9 81a8      	LD   R26,Y
0000aa 33a2      	CPI  R26,LOW(0x32)
0000ab f419      	BRNE _0x11
                 ; 0000 004B PORTC = number(2);
0000ac e0a2      	LDI  R26,LOW(2)
0000ad dfba      	RCALL _number
0000ae c02b      	RJMP _0x31
                 ; 0000 004C }
                 ; 0000 004D else if (c == '3'){
                 _0x11:
0000af 81a8      	LD   R26,Y
0000b0 33a3      	CPI  R26,LOW(0x33)
0000b1 f419      	BRNE _0x13
                 ; 0000 004E PORTC = number(3);
0000b2 e0a3      	LDI  R26,LOW(3)
0000b3 dfb4      	RCALL _number
0000b4 c025      	RJMP _0x31
                 ; 0000 004F }
                 ; 0000 0050 else if (c == '4'){
                 _0x13:
0000b5 81a8      	LD   R26,Y
0000b6 33a4      	CPI  R26,LOW(0x34)
0000b7 f419      	BRNE _0x15
                 ; 0000 0051 PORTC = number(4);
0000b8 e0a4      	LDI  R26,LOW(4)
0000b9 dfae      	RCALL _number
0000ba c01f      	RJMP _0x31
                 ; 0000 0052 }
                 ; 0000 0053 else if (c == '5'){
                 _0x15:
0000bb 81a8      	LD   R26,Y
0000bc 33a5      	CPI  R26,LOW(0x35)
0000bd f419      	BRNE _0x17
                 ; 0000 0054 PORTC = number(5);
0000be e0a5      	LDI  R26,LOW(5)
0000bf dfa8      	RCALL _number
0000c0 c019      	RJMP _0x31
                 ; 0000 0055 }
                 ; 0000 0056 else if (c == '6'){
                 _0x17:
0000c1 81a8      	LD   R26,Y
0000c2 33a6      	CPI  R26,LOW(0x36)
0000c3 f419      	BRNE _0x19
                 ; 0000 0057 PORTC = number(6);
0000c4 e0a6      	LDI  R26,LOW(6)
0000c5 dfa2      	RCALL _number
0000c6 c013      	RJMP _0x31
                 ; 0000 0058 }
                 ; 0000 0059 else if (c == '7'){
                 _0x19:
0000c7 81a8      	LD   R26,Y
0000c8 33a7      	CPI  R26,LOW(0x37)
0000c9 f419      	BRNE _0x1B
                 ; 0000 005A PORTC = number(7);
0000ca e0a7      	LDI  R26,LOW(7)
0000cb df9c      	RCALL _number
0000cc c00d      	RJMP _0x31
                 ; 0000 005B }
                 ; 0000 005C else if (c == '8'){
                 _0x1B:
0000cd 81a8      	LD   R26,Y
0000ce 33a8      	CPI  R26,LOW(0x38)
0000cf f419      	BRNE _0x1D
                 ; 0000 005D PORTC = number(8);
0000d0 e0a8      	LDI  R26,LOW(8)
0000d1 df96      	RCALL _number
0000d2 c007      	RJMP _0x31
                 ; 0000 005E }
                 ; 0000 005F else if (c == '9'){
                 _0x1D:
0000d3 81a8      	LD   R26,Y
0000d4 33a9      	CPI  R26,LOW(0x39)
0000d5 f419      	BRNE _0x1F
                 ; 0000 0060 PORTC = number(9);
0000d6 e0a9      	LDI  R26,LOW(9)
0000d7 df90      	RCALL _number
0000d8 c001      	RJMP _0x31
                 ; 0000 0061 }
                 ; 0000 0062 else {
                 _0x1F:
                 ; 0000 0063 PORTC = 0x00;
0000d9 e0e0      	LDI  R30,LOW(0)
                 _0x31:
0000da bbe5      	OUT  0x15,R30
                 ; 0000 0064 }
                 ; 0000 0065 }
                 _0x2060001:
0000db 9621      	ADIW R28,1
0000dc 9508      	RET
                 ; .FEND
                 ;interrupt [11] void timer0_comp_isr(void)
                 ; 0000 0069 {
                 _timer0_comp_isr:
                 ; .FSTART _timer0_comp_isr
0000dd 920a      	ST   -Y,R0
0000de 921a      	ST   -Y,R1
0000df 92fa      	ST   -Y,R15
0000e0 936a      	ST   -Y,R22
0000e1 937a      	ST   -Y,R23
0000e2 938a      	ST   -Y,R24
0000e3 939a      	ST   -Y,R25
0000e4 93aa      	ST   -Y,R26
0000e5 93ba      	ST   -Y,R27
0000e6 93ea      	ST   -Y,R30
0000e7 93fa      	ST   -Y,R31
0000e8 b7ef      	IN   R30,SREG
0000e9 93ea      	ST   -Y,R30
                 ; 0000 006A // Place your code here
                 ; 0000 006B idx++;
0000ea 01f6      	MOVW R30,R12
0000eb 9631      	ADIW R30,1
0000ec 016f      	MOVW R12,R30
                 ; 0000 006C idx = idx % 6;
0000ed 01d6      	MOVW R26,R12
0000ee e0e6      	LDI  R30,LOW(6)
0000ef e0f0      	LDI  R31,HIGH(6)
0000f0 d0b4      	RCALL __MODW21
0000f1 016f      	MOVW R12,R30
                 ; 0000 006D 
                 ; 0000 006E if (idx == 0) {
0000f2 2c0c      	MOV  R0,R12
0000f3 280d      	OR   R0,R13
0000f4 f421      	BRNE _0x21
                 ; 0000 006F PORTB = 0b10111111; // Reverse order from 0b11111101
0000f5 ebef      	LDI  R30,LOW(191)
0000f6 bbe8      	OUT  0x18,R30
                 ; 0000 0070 set_number(counter6);
0000f7 2dab      	MOV  R26,R11
0000f8 dfa3      	RCALL _set_number
                 ; 0000 0071 }
                 ; 0000 0072 
                 ; 0000 0073 if (idx == 1) {
                 _0x21:
0000f9 e0e1      	LDI  R30,LOW(1)
0000fa e0f0      	LDI  R31,HIGH(1)
0000fb 15ec      	CP   R30,R12
0000fc 05fd      	CPC  R31,R13
0000fd f421      	BRNE _0x22
                 ; 0000 0074 PORTB = 0b11011111; // Reverse order from 0b11111011
0000fe edef      	LDI  R30,LOW(223)
0000ff bbe8      	OUT  0x18,R30
                 ; 0000 0075 set_number(counter5);
000100 2da8      	MOV  R26,R8
000101 df9a      	RCALL _set_number
                 ; 0000 0076 }
                 ; 0000 0077 
                 ; 0000 0078 if (idx == 2) {
                 _0x22:
000102 e0e2      	LDI  R30,LOW(2)
000103 e0f0      	LDI  R31,HIGH(2)
000104 15ec      	CP   R30,R12
000105 05fd      	CPC  R31,R13
000106 f421      	BRNE _0x23
                 ; 0000 0079 PORTB = 0b11101111; // Reverse order from 0b11110111
000107 eeef      	LDI  R30,LOW(239)
000108 bbe8      	OUT  0x18,R30
                 ; 0000 007A set_number(counter4);
000109 2da9      	MOV  R26,R9
00010a df91      	RCALL _set_number
                 ; 0000 007B }
                 ; 0000 007C 
                 ; 0000 007D if (idx == 3) {
                 _0x23:
00010b e0e3      	LDI  R30,LOW(3)
00010c e0f0      	LDI  R31,HIGH(3)
00010d 15ec      	CP   R30,R12
00010e 05fd      	CPC  R31,R13
00010f f421      	BRNE _0x24
                 ; 0000 007E PORTB = 0b11110111; // Reverse order from 0b11101111
000110 efe7      	LDI  R30,LOW(247)
000111 bbe8      	OUT  0x18,R30
                 ; 0000 007F set_number(counter3);
000112 2da6      	MOV  R26,R6
000113 df88      	RCALL _set_number
                 ; 0000 0080 }
                 ; 0000 0081 
                 ; 0000 0082 if (idx == 4) {
                 _0x24:
000114 e0e4      	LDI  R30,LOW(4)
000115 e0f0      	LDI  R31,HIGH(4)
000116 15ec      	CP   R30,R12
000117 05fd      	CPC  R31,R13
000118 f421      	BRNE _0x25
                 ; 0000 0083 PORTB = 0b11111011; // Reverse order from 0b11011111
000119 efeb      	LDI  R30,LOW(251)
00011a bbe8      	OUT  0x18,R30
                 ; 0000 0084 set_number(counter2);
00011b 2da7      	MOV  R26,R7
00011c df7f      	RCALL _set_number
                 ; 0000 0085 }
                 ; 0000 0086 
                 ; 0000 0087 if (idx == 5) {
                 _0x25:
00011d e0e5      	LDI  R30,LOW(5)
00011e e0f0      	LDI  R31,HIGH(5)
00011f 15ec      	CP   R30,R12
000120 05fd      	CPC  R31,R13
000121 f421      	BRNE _0x26
                 ; 0000 0088 PORTB = 0b11111101; // Reverse order from 0b10111111
000122 efed      	LDI  R30,LOW(253)
000123 bbe8      	OUT  0x18,R30
                 ; 0000 0089 set_number(counter1);
000124 2da4      	MOV  R26,R4
000125 df76      	RCALL _set_number
                 ; 0000 008A }
                 ; 0000 008B }
                 _0x26:
000126 91e9      	LD   R30,Y+
000127 bfef      	OUT  SREG,R30
000128 91f9      	LD   R31,Y+
000129 91e9      	LD   R30,Y+
00012a 91b9      	LD   R27,Y+
00012b 91a9      	LD   R26,Y+
00012c 9199      	LD   R25,Y+
00012d 9189      	LD   R24,Y+
00012e 9179      	LD   R23,Y+
00012f 9169      	LD   R22,Y+
000130 90f9      	LD   R15,Y+
000131 9019      	LD   R1,Y+
000132 9009      	LD   R0,Y+
000133 9518      	RETI
                 ; .FEND
                 ;void main(void)
                 ; 0000 008E {
                 _main:
                 ; .FSTART _main
                 ; 0000 008F // Declare your local variables here
                 ; 0000 0090 
                 ; 0000 0091 // Input/Output Ports initialization
                 ; 0000 0092 // Port A initialization
                 ; 0000 0093 PORTA = 0x00;
000134 e0e0      	LDI  R30,LOW(0)
000135 bbeb      	OUT  0x1B,R30
                 ; 0000 0094 DDRA = 0x00;
000136 bbea      	OUT  0x1A,R30
                 ; 0000 0095 
                 ; 0000 0096 // Port B initialization
                 ; 0000 0097 PORTB = 0x0ff;
000137 efef      	LDI  R30,LOW(255)
000138 bbe8      	OUT  0x18,R30
                 ; 0000 0098 DDRB = 0xff;
000139 bbe7      	OUT  0x17,R30
                 ; 0000 0099 
                 ; 0000 009A // Port C initialization
                 ; 0000 009B PORTC = 0xFF;
00013a bbe5      	OUT  0x15,R30
                 ; 0000 009C DDRC = 0xFF;
00013b bbe4      	OUT  0x14,R30
                 ; 0000 009D 
                 ; 0000 009E // Port D initialization
                 ; 0000 009F PORTD = 0x00;
00013c e0e0      	LDI  R30,LOW(0)
00013d bbe2      	OUT  0x12,R30
                 ; 0000 00A0 DDRD = 0x00;
00013e bbe1      	OUT  0x11,R30
                 ; 0000 00A1 
                 ; 0000 00A2 // Timer/Counter 0 initialization
                 ; 0000 00A3 TCCR0=(0<<WGM00) | (0<<COM01) | (0<<COM00) | (0<<WGM01) | (0<<CS02) | (1<<CS01) | (1<<CS00);
00013f e0e3      	LDI  R30,LOW(3)
000140 bfe3      	OUT  0x33,R30
                 ; 0000 00A4 TCNT0=0x00;
000141 e0e0      	LDI  R30,LOW(0)
000142 bfe2      	OUT  0x32,R30
                 ; 0000 00A5 OCR0=0x00;
000143 bfec      	OUT  0x3C,R30
                 ; 0000 00A6 
                 ; 0000 00A7 // Timer(s)/Counter(s) Interrupt(s) initialization
                 ; 0000 00A8 TIMSK=(0<<OCIE2) | (0<<TOIE2) | (0<<TICIE1) | (0<<OCIE1A) | (0<<OCIE1B) | (0<<TOIE1) | (1<<OCIE0) | (0<<TOIE0);
000144 e0e2      	LDI  R30,LOW(2)
000145 bfe9      	OUT  0x39,R30
                 ; 0000 00A9 
                 ; 0000 00AA // USART initialization
                 ; 0000 00AB UCSRA=(0<<RXC) | (0<<TXC) | (0<<UDRE) | (0<<FE) | (0<<DOR) | (0<<UPE) | (0<<U2X) | (0<<MPCM);
000146 e0e0      	LDI  R30,LOW(0)
000147 b9eb      	OUT  0xB,R30
                 ; 0000 00AC UCSRB=(0<<RXCIE) | (0<<TXCIE) | (0<<UDRIE) | (1<<RXEN) | (1<<TXEN) | (0<<UCSZ2) | (0<<RXB8) | (0<<TXB8);
000148 e1e8      	LDI  R30,LOW(24)
000149 b9ea      	OUT  0xA,R30
                 ; 0000 00AD UCSRC=(1<<URSEL) | (0<<UMSEL) | (0<<UPM1) | (0<<UPM0) | (0<<USBS) | (1<<UCSZ1) | (1<<UCSZ0) | (0<<UCPOL);
00014a e8e6      	LDI  R30,LOW(134)
00014b bde0      	OUT  0x20,R30
                 ; 0000 00AE UBRRH=0x00;
00014c e0e0      	LDI  R30,LOW(0)
00014d bde0      	OUT  0x20,R30
                 ; 0000 00AF UBRRL=0x33;
00014e e3e3      	LDI  R30,LOW(51)
00014f b9e9      	OUT  0x9,R30
                 ; 0000 00B0 
                 ; 0000 00B1 // Global enable interrupts
                 ; 0000 00B2 #asm("sei")
000150 9478      	SEI
                 ; 0000 00B3 
                 ; 0000 00B4 while (1)
                 _0x27:
                 ; 0000 00B5 {
                 ; 0000 00B6 // Place your code here
                 ; 0000 00B7 a = getchar();
000151 d033      	RCALL _getchar
000152 2e5e      	MOV  R5,R30
                 ; 0000 00B8 if (idx2 == 0) {
000153 91e0 0260 	LDS  R30,_idx2
000155 91f0 0261 	LDS  R31,_idx2+1
000157 9730      	SBIW R30,0
000158 f439      	BRNE _0x2A
                 ; 0000 00B9 counter2 = 'a';
000159 e6e1      	LDI  R30,LOW(97)
00015a 2e7e      	MOV  R7,R30
                 ; 0000 00BA counter3 = 'a';
00015b 2e6e      	MOV  R6,R30
                 ; 0000 00BB counter4 = 'a';
00015c 2e9e      	MOV  R9,R30
                 ; 0000 00BC counter5 = 'a';
00015d 2e8e      	MOV  R8,R30
                 ; 0000 00BD counter6 = 'a';
00015e 2ebe      	MOV  R11,R30
                 ; 0000 00BE counter1 = a;
00015f 2c45      	MOV  R4,R5
                 ; 0000 00BF }
                 ; 0000 00C0 
                 ; 0000 00C1 if (idx2 == 1) {
                 _0x2A:
000160 d028      	RCALL SUBOPT_0x0
000161 9711      	SBIW R26,1
000162 f409      	BRNE _0x2B
                 ; 0000 00C2 counter2 = a;
000163 2c75      	MOV  R7,R5
                 ; 0000 00C3 }
                 ; 0000 00C4 
                 ; 0000 00C5 if (idx2 == 2) {
                 _0x2B:
000164 d024      	RCALL SUBOPT_0x0
000165 9712      	SBIW R26,2
000166 f409      	BRNE _0x2C
                 ; 0000 00C6 counter3 = a;
000167 2c65      	MOV  R6,R5
                 ; 0000 00C7 }
                 ; 0000 00C8 
                 ; 0000 00C9 if (idx2 == 3) {
                 _0x2C:
000168 d020      	RCALL SUBOPT_0x0
000169 9713      	SBIW R26,3
00016a f409      	BRNE _0x2D
                 ; 0000 00CA counter4 = a;
00016b 2c95      	MOV  R9,R5
                 ; 0000 00CB }
                 ; 0000 00CC 
                 ; 0000 00CD if (idx2 == 4) {
                 _0x2D:
00016c d01c      	RCALL SUBOPT_0x0
00016d 9714      	SBIW R26,4
00016e f409      	BRNE _0x2E
                 ; 0000 00CE counter5 = a;
00016f 2c85      	MOV  R8,R5
                 ; 0000 00CF }
                 ; 0000 00D0 
                 ; 0000 00D1 if (idx2 == 5) {
                 _0x2E:
000170 d018      	RCALL SUBOPT_0x0
000171 9715      	SBIW R26,5
000172 f409      	BRNE _0x2F
                 ; 0000 00D2 counter6 = a;
000173 2cb5      	MOV  R11,R5
                 ; 0000 00D3 }
                 ; 0000 00D4 idx2++;
                 _0x2F:
000174 e6a0      	LDI  R26,LOW(_idx2)
000175 e0b2      	LDI  R27,HIGH(_idx2)
000176 91ed      	LD   R30,X+
000177 91fd      	LD   R31,X+
000178 9631      	ADIW R30,1
000179 93fe      	ST   -X,R31
00017a 93ee      	ST   -X,R30
                 ; 0000 00D5 idx2 %= 6;
00017b d00d      	RCALL SUBOPT_0x0
00017c e0e6      	LDI  R30,LOW(6)
00017d e0f0      	LDI  R31,HIGH(6)
00017e d026      	RCALL __MODW21
00017f 93e0 0260 	STS  _idx2,R30
000181 93f0 0261 	STS  _idx2+1,R31
                 ; 0000 00D6 }
000183 cfcd      	RJMP _0x27
                 ; 0000 00D7 }
                 _0x30:
000184 cfff      	RJMP _0x30
                 ; .FEND
                 	#ifndef __SLEEP_DEFINED__
                 	#endif
                 
                 	.CSEG
                 _getchar:
                 ; .FSTART _getchar
                 getchar0:
000185 9b5f           sbis usr,rxc
000186 cffe           rjmp getchar0
000187 b1ec           in   r30,udr
000188 9508      	RET
                 ; .FEND
                 
                 	.CSEG
                 
                 	.CSEG
                 
                 	.DSEG
                 _idx2:
000260           	.BYTE 0x2
                 
                 	.CSEG
                 ;OPTIMIZER ADDED SUBROUTINE, CALLED 6 TIMES, CODE SIZE REDUCTION:13 WORDS
                 SUBOPT_0x0:
000189 91a0 0260 	LDS  R26,_idx2
00018b 91b0 0261 	LDS  R27,_idx2+1
00018d 9508      	RET
                 
                 ;RUNTIME LIBRARY
                 
                 	.CSEG
                 __ANEGW1:
00018e 95f1      	NEG  R31
00018f 95e1      	NEG  R30
000190 40f0      	SBCI R31,0
000191 9508      	RET
                 
                 __DIVW21U:
000192 2400      	CLR  R0
000193 2411      	CLR  R1
000194 e190      	LDI  R25,16
                 __DIVW21U1:
000195 0faa      	LSL  R26
000196 1fbb      	ROL  R27
000197 1c00      	ROL  R0
000198 1c11      	ROL  R1
000199 1a0e      	SUB  R0,R30
00019a 0a1f      	SBC  R1,R31
00019b f418      	BRCC __DIVW21U2
00019c 0e0e      	ADD  R0,R30
00019d 1e1f      	ADC  R1,R31
00019e c001      	RJMP __DIVW21U3
                 __DIVW21U2:
00019f 60a1      	SBR  R26,1
                 __DIVW21U3:
0001a0 959a      	DEC  R25
0001a1 f799      	BRNE __DIVW21U1
0001a2 01fd      	MOVW R30,R26
0001a3 01d0      	MOVW R26,R0
0001a4 9508      	RET
                 
                 __MODW21:
0001a5 94e8      	CLT
0001a6 ffb7      	SBRS R27,7
0001a7 c004      	RJMP __MODW211
0001a8 95b1      	NEG  R27
0001a9 95a1      	NEG  R26
0001aa 40b0      	SBCI R27,0
0001ab 9468      	SET
                 __MODW211:
0001ac fdf7      	SBRC R31,7
0001ad dfe0      	RCALL __ANEGW1
0001ae dfe3      	RCALL __DIVW21U
0001af 01fd      	MOVW R30,R26
0001b0 f40e      	BRTC __MODW212
0001b1 dfdc      	RCALL __ANEGW1
                 __MODW212:
0001b2 9508      	RET
                 
                 ;END OF CODE MARKER
                 __END_OF_CODE:


RESOURCE USE INFORMATION
------------------------

Notice:
The register and instruction counts are symbol table hit counts,
and hence implicitly used resources are not counted, eg, the
'lpm' instruction without operands implicitly uses r0 and z,
none of which are counted.

x,y,z are separate entities in the symbol table and are
counted separately from r26..r31 here.

.dseg memory usage only counts static data declared with .byte

ATmega32 register use summary:
r0 :  13 r1 :   7 r2 :   0 r3 :   0 r4 :   2 r5 :   7 r6 :   3 r7 :   3 
r8 :   3 r9 :   3 r10:   0 r11:   3 r12:  10 r13:   6 r14:   0 r15:   2 
r16:   0 r17:   0 r18:   0 r19:   0 r20:   0 r21:   0 r22:   4 r23:   2 
r24:   9 r25:   6 r26:  75 r27:  10 r28:   2 r29:   1 r30: 109 r31:  26 
x  :   7 y  :  46 z  :   7 
Registers used: 25 out of 35 (71.4%)

ATmega32 instruction use summary:
.lds  :   0 .lds.l:   0 .sts  :   0 .sts.l:   0 adc   :   1 add   :   1 
adiw  :   3 and   :   0 andi  :   0 asr   :   0 bclr  :   0 bld   :   0 
brbc  :   0 brbs  :   0 brcc  :   1 brcs  :   0 break :   0 breq  :   1 
brge  :   0 brhc  :   0 brhs  :   0 brid  :   0 brie  :   0 brlo  :   0 
brlt  :   0 brmi  :   0 brne  :  36 brpl  :   0 brsh  :   0 brtc  :   1 
brts  :   0 brvc  :   0 brvs  :   0 bset  :   0 bst   :   0 call  :   0 
cbi   :   0 cbr   :   0 clc   :   0 clh   :   0 cli   :   1 cln   :   0 
clr   :   4 cls   :   0 clt   :   1 clv   :   0 clz   :   0 com   :   0 
cp    :   5 cpc   :   5 cpi   :  20 cpse  :   0 dec   :   2 des   :   0 
eor   :   0 fmul  :   0 fmuls :   0 fmulsu:   0 icall :   0 ijmp  :   0 
in    :   2 inc   :   0 jmp   :  22 ld    :  34 ldd   :   0 ldi   :  68 
lds   :   4 lpm   :   7 lsl   :   1 lsr   :   0 mov   :  19 movw  :  10 
mul   :   0 muls  :   0 mulsu :   0 neg   :   4 nop   :   0 or    :   1 
ori   :   0 out   :  31 pop   :   0 push  :   0 rcall :  28 ret   :   6 
reti  :   1 rjmp  :  27 rol   :   3 ror   :   0 sbc   :   1 sbci  :   2 
sbi   :   0 sbic  :   0 sbis  :   1 sbiw  :   9 sbr   :   1 sbrc  :   1 
sbrs  :   1 sec   :   0 seh   :   0 sei   :   1 sen   :   0 ser   :   0 
ses   :   0 set   :   1 sev   :   0 sez   :   0 sleep :   0 spm   :   0 
st    :  19 std   :   0 sts   :   2 sub   :   1 subi  :   0 swap  :   0 
tst   :   0 wdr   :   0 
Instructions used: 43 out of 116 (37.1%)

ATmega32 memory use summary [bytes]:
Segment   Begin    End      Code   Data   Used    Size   Use%
---------------------------------------------------------------
[.cseg] 0x000000 0x000366    836     34    870   32768   2.7%
[.dseg] 0x000060 0x000262      0      2      2    2048   0.1%
[.eseg] 0x000000 0x000000      0      0      0    1024   0.0%

Assembly complete, 0 errors, 9 warnings
