Release 14.7 - xst P.20131013 (nt64)
Copyright (c) 1995-2013 Xilinx, Inc.  All rights reserved.
--> Parameter TMPDIR set to xst/projnav.tmp


Total REAL time to Xst completion: 0.00 secs
Total CPU time to Xst completion: 0.08 secs
 
--> Parameter xsthdpdir set to xst


Total REAL time to Xst completion: 0.00 secs
Total CPU time to Xst completion: 0.08 secs
 
--> Reading design: PS2_Receiver.prj

TABLE OF CONTENTS
  1) Synthesis Options Summary
  2) HDL Compilation
  3) Design Hierarchy Analysis
  4) HDL Analysis
  5) HDL Synthesis
     5.1) HDL Synthesis Report
  6) Advanced HDL Synthesis
     6.1) Advanced HDL Synthesis Report
  7) Low Level Synthesis
  8) Partition Report
  9) Final Report
	9.1) Device utilization summary
	9.2) Partition Resource Summary
	9.3) TIMING REPORT


=========================================================================
*                      Synthesis Options Summary                        *
=========================================================================
---- Source Parameters
Input File Name                    : "PS2_Receiver.prj"
Input Format                       : mixed
Ignore Synthesis Constraint File   : NO

---- Target Parameters
Output File Name                   : "PS2_Receiver"
Output Format                      : NGC
Target Device                      : xc3s400-5-pq208

---- Source Options
Top Module Name                    : PS2_Receiver
Automatic FSM Extraction           : YES
FSM Encoding Algorithm             : Auto
Safe Implementation                : No
FSM Style                          : LUT
RAM Extraction                     : Yes
RAM Style                          : Auto
ROM Extraction                     : Yes
Mux Style                          : Auto
Decoder Extraction                 : YES
Priority Encoder Extraction        : Yes
Shift Register Extraction          : YES
Logical Shifter Extraction         : YES
XOR Collapsing                     : YES
ROM Style                          : Auto
Mux Extraction                     : Yes
Resource Sharing                   : YES
Asynchronous To Synchronous        : NO
Multiplier Style                   : Auto
Automatic Register Balancing       : No

---- Target Options
Add IO Buffers                     : YES
Global Maximum Fanout              : 500
Add Generic Clock Buffer(BUFG)     : 8
Register Duplication               : YES
Slice Packing                      : YES
Optimize Instantiated Primitives   : NO
Use Clock Enable                   : Yes
Use Synchronous Set                : Yes
Use Synchronous Reset              : Yes
Pack IO Registers into IOBs        : Auto
Equivalent register Removal        : YES

---- General Options
Optimization Goal                  : Speed
Optimization Effort                : 1
Keep Hierarchy                     : No
Netlist Hierarchy                  : As_Optimized
RTL Output                         : Yes
Global Optimization                : AllClockNets
Read Cores                         : YES
Write Timing Constraints           : NO
Cross Clock Analysis               : NO
Hierarchy Separator                : /
Bus Delimiter                      : <>
Case Specifier                     : Maintain
Slice Utilization Ratio            : 100
BRAM Utilization Ratio             : 100
Verilog 2001                       : YES
Auto BRAM Packing                  : NO
Slice Utilization Ratio Delta      : 5

=========================================================================


=========================================================================
*                          HDL Compilation                              *
=========================================================================
Compiling vhdl file "C:/ca/project/main.vhd" in Library work.
Entity <ps2_receiver> compiled.
Entity <ps2_receiver> (Architecture <behavioral>) compiled.

=========================================================================
*                     Design Hierarchy Analysis                         *
=========================================================================
Analyzing hierarchy for entity <PS2_Receiver> in library <work> (architecture <behavioral>).


=========================================================================
*                            HDL Analysis                               *
=========================================================================
Analyzing Entity <PS2_Receiver> in library <work> (Architecture <behavioral>).
Entity <PS2_Receiver> analyzed. Unit <PS2_Receiver> generated.


=========================================================================
*                           HDL Synthesis                               *
=========================================================================

Performing bidirectional port resolution...

Synthesizing Unit <PS2_Receiver>.
    Related source file is "C:/ca/project/main.vhd".
WARNING:Xst:646 - Signal <shift_reg<0>> is assigned but never used. This unconnected signal will be trimmed during the optimization process.
WARNING:Xst:646 - Signal <data_ready<0>> is assigned but never used. This unconnected signal will be trimmed during the optimization process.
    Found 32-bit up counter for signal <bit_count>.
    Found 32-bit comparator less for signal <bit_count$cmp_lt0000> created at line 42.
    Found 1-bit register for signal <CLK>.
    Found 12-bit comparator less for signal <CLK$cmp_lt0000> created at line 28.
    Found 12-bit up counter for signal <counter>.
    Found 8-bit register for signal <key_data>.
    Found 11-bit register for signal <shift_reg>.
    Summary:
	inferred   2 Counter(s).
	inferred  20 D-type flip-flop(s).
	inferred   2 Comparator(s).
Unit <PS2_Receiver> synthesized.


=========================================================================
HDL Synthesis Report

Macro Statistics
# Counters                                             : 2
 12-bit up counter                                     : 1
 32-bit up counter                                     : 1
# Registers                                            : 3
 1-bit register                                        : 1
 11-bit register                                       : 1
 8-bit register                                        : 1
# Comparators                                          : 2
 12-bit comparator less                                : 1
 32-bit comparator less                                : 1

=========================================================================

=========================================================================
*                       Advanced HDL Synthesis                          *
=========================================================================

WARNING:Xst:2677 - Node <shift_reg_0> of sequential type is unconnected in block <PS2_Receiver>.
WARNING:Xst:2677 - Node <shift_reg_0> of sequential type is unconnected in block <PS2_Receiver>.

=========================================================================
Advanced HDL Synthesis Report

Macro Statistics
# Counters                                             : 2
 12-bit up counter                                     : 1
 32-bit up counter                                     : 1
# Registers                                            : 19
 Flip-Flops                                            : 19
# Comparators                                          : 2
 12-bit comparator less                                : 1
 32-bit comparator less                                : 1

=========================================================================

=========================================================================
*                         Low Level Synthesis                           *
=========================================================================

Optimizing unit <PS2_Receiver> ...

Mapping all equations...
Building and optimizing final netlist ...
Found area constraint ratio of 100 (+ 5) on block PS2_Receiver, actual ratio is 1.

Final Macro Processing ...

=========================================================================
Final Register Report

Macro Statistics
# Registers                                            : 63
 Flip-Flops                                            : 63

=========================================================================

=========================================================================
*                           Partition Report                            *
=========================================================================

Partition Implementation Status
-------------------------------

  No Partitions were found in this design.

-------------------------------

=========================================================================
*                            Final Report                               *
=========================================================================
Final Results
RTL Top Level Output File Name     : PS2_Receiver.ngr
Top Level Output File Name         : PS2_Receiver
Output Format                      : NGC
Optimization Goal                  : Speed
Keep Hierarchy                     : No

Design Statistics
# IOs                              : 11

Cell Usage :
# BELS                             : 159
#      GND                         : 1
#      INV                         : 5
#      LUT1                        : 43
#      LUT2                        : 2
#      LUT3                        : 2
#      LUT4                        : 7
#      LUT4_L                      : 1
#      MUXCY                       : 53
#      VCC                         : 1
#      XORCY                       : 44
# FlipFlops/Latches                : 63
#      FD                          : 10
#      FDE                         : 9
#      FDR                         : 44
# Clock Buffers                    : 2
#      BUFG                        : 1
#      BUFGP                       : 1
# IO Buffers                       : 10
#      IBUF                        : 1
#      OBUF                        : 9
=========================================================================

Device utilization summary:
---------------------------

Selected Device : 3s400pq208-5 

 Number of Slices:                       41  out of   3584     1%  
 Number of Slice Flip Flops:             63  out of   7168     0%  
 Number of 4 input LUTs:                 60  out of   7168     0%  
 Number of IOs:                          11
 Number of bonded IOBs:                  11  out of    141     7%  
 Number of GCLKs:                         2  out of      8    25%  

---------------------------
Partition Resource Summary:
---------------------------

  No Partitions were found in this design.

---------------------------


=========================================================================
TIMING REPORT

NOTE: THESE TIMING NUMBERS ARE ONLY A SYNTHESIS ESTIMATE.
      FOR ACCURATE TIMING INFORMATION PLEASE REFER TO THE TRACE REPORT
      GENERATED AFTER PLACE-and-ROUTE.

Clock Information:
------------------
-----------------------------------+------------------------+-------+
Clock Signal                       | Clock buffer(FF name)  | Load  |
-----------------------------------+------------------------+-------+
gclk                               | BUFGP                  | 13    |
CLK1                               | BUFG                   | 50    |
-----------------------------------+------------------------+-------+

Asynchronous Control Signals Information:
----------------------------------------
No asynchronous control signals found in this design

Timing Summary:
---------------
Speed Grade: -5

   Minimum period: 6.888ns (Maximum Frequency: 145.180MHz)
   Minimum input arrival time before clock: 1.572ns
   Maximum output required time after clock: 6.306ns
   Maximum combinational path delay: No path found

Timing Detail:
--------------
All values displayed in nanoseconds (ns)

=========================================================================
Timing constraint: Default period analysis for Clock 'gclk'
  Clock period: 5.215ns (frequency: 191.762MHz)
  Total number of paths / destination ports: 183 / 26
-------------------------------------------------------------------------
Delay:               5.215ns (Levels of Logic = 2)
  Source:            counter_5 (FF)
  Destination:       counter_0 (FF)
  Source Clock:      gclk rising
  Destination Clock: gclk rising

  Data Path: counter_5 to counter_0
                                Gate     Net
    Cell:in->out      fanout   Delay   Delay  Logical Name (Net Name)
    ----------------------------------------  ------------
     FDR:C->Q              2   0.626   1.040  counter_5 (counter_5)
     LUT2:I0->O            1   0.479   0.704  CLK_not00020 (CLK_not00020)
     LUT4:I3->O           13   0.479   0.994  CLK_not000216 (CLK_not0002)
     FDR:R                     0.892          counter_0
    ----------------------------------------
    Total                      5.215ns (2.476ns logic, 2.739ns route)
                                       (47.5% logic, 52.5% route)

=========================================================================
Timing constraint: Default period analysis for Clock 'CLK1'
  Clock period: 6.888ns (frequency: 145.180MHz)
  Total number of paths / destination ports: 1841 / 89
-------------------------------------------------------------------------
Delay:               6.888ns (Levels of Logic = 13)
  Source:            bit_count_0 (FF)
  Destination:       key_data_0 (FF)
  Source Clock:      CLK1 rising
  Destination Clock: CLK1 rising

  Data Path: bit_count_0 to key_data_0
                                Gate     Net
    Cell:in->out      fanout   Delay   Delay  Logical Name (Net Name)
    ----------------------------------------  ------------
     FDR:C->Q              2   0.626   1.040  bit_count_0 (bit_count_0)
     LUT2:I0->O            1   0.479   0.000  Mcompar_bit_count_cmp_lt0000_lut<0> (Mcompar_bit_count_cmp_lt0000_lut<0>)
     MUXCY:S->O            1   0.435   0.000  Mcompar_bit_count_cmp_lt0000_cy<0> (Mcompar_bit_count_cmp_lt0000_cy<0>)
     MUXCY:CI->O           1   0.056   0.000  Mcompar_bit_count_cmp_lt0000_cy<1> (Mcompar_bit_count_cmp_lt0000_cy<1>)
     MUXCY:CI->O           1   0.056   0.000  Mcompar_bit_count_cmp_lt0000_cy<2> (Mcompar_bit_count_cmp_lt0000_cy<2>)
     MUXCY:CI->O           1   0.056   0.000  Mcompar_bit_count_cmp_lt0000_cy<3> (Mcompar_bit_count_cmp_lt0000_cy<3>)
     MUXCY:CI->O           1   0.056   0.000  Mcompar_bit_count_cmp_lt0000_cy<4> (Mcompar_bit_count_cmp_lt0000_cy<4>)
     MUXCY:CI->O           1   0.056   0.000  Mcompar_bit_count_cmp_lt0000_cy<5> (Mcompar_bit_count_cmp_lt0000_cy<5>)
     MUXCY:CI->O           1   0.056   0.000  Mcompar_bit_count_cmp_lt0000_cy<6> (Mcompar_bit_count_cmp_lt0000_cy<6>)
     MUXCY:CI->O           1   0.056   0.000  Mcompar_bit_count_cmp_lt0000_cy<7> (Mcompar_bit_count_cmp_lt0000_cy<7>)
     MUXCY:CI->O           1   0.056   0.000  Mcompar_bit_count_cmp_lt0000_cy<8> (Mcompar_bit_count_cmp_lt0000_cy<8>)
     MUXCY:CI->O           1   0.056   0.000  Mcompar_bit_count_cmp_lt0000_cy<9> (Mcompar_bit_count_cmp_lt0000_cy<9>)
     MUXCY:CI->O          33   0.246   1.639  Mcompar_bit_count_cmp_lt0000_cy<10> (Mcompar_bit_count_cmp_lt0000_cy<10>)
     LUT3:I2->O            8   0.479   0.921  key_data_not00011 (key_data_not0001)
     FDE:CE                    0.524          key_data_0
    ----------------------------------------
    Total                      6.888ns (3.288ns logic, 3.600ns route)
                                       (47.7% logic, 52.3% route)

=========================================================================
Timing constraint: Default OFFSET IN BEFORE for Clock 'CLK1'
  Total number of paths / destination ports: 1 / 1
-------------------------------------------------------------------------
Offset:              1.572ns (Levels of Logic = 1)
  Source:            DATA (PAD)
  Destination:       shift_reg_10 (FF)
  Destination Clock: CLK1 rising

  Data Path: DATA to shift_reg_10
                                Gate     Net
    Cell:in->out      fanout   Delay   Delay  Logical Name (Net Name)
    ----------------------------------------  ------------
     IBUF:I->O             1   0.715   0.681  DATA_IBUF (DATA_IBUF)
     FD:D                      0.176          shift_reg_10
    ----------------------------------------
    Total                      1.572ns (0.891ns logic, 0.681ns route)
                                       (56.7% logic, 43.3% route)

=========================================================================
Timing constraint: Default OFFSET OUT AFTER for Clock 'gclk'
  Total number of paths / destination ports: 1 / 1
-------------------------------------------------------------------------
Offset:              6.306ns (Levels of Logic = 1)
  Source:            CLK (FF)
  Destination:       PS2_Clock (PAD)
  Source Clock:      gclk rising

  Data Path: CLK to PS2_Clock
                                Gate     Net
    Cell:in->out      fanout   Delay   Delay  Logical Name (Net Name)
    ----------------------------------------  ------------
     FDE:C->Q              3   0.626   0.771  CLK (CLK1)
     OBUF:I->O                 4.909          PS2_Clock_OBUF (PS2_Clock)
    ----------------------------------------
    Total                      6.306ns (5.535ns logic, 0.771ns route)
                                       (87.8% logic, 12.2% route)

=========================================================================
Timing constraint: Default OFFSET OUT AFTER for Clock 'CLK1'
  Total number of paths / destination ports: 8 / 8
-------------------------------------------------------------------------
Offset:              6.216ns (Levels of Logic = 1)
  Source:            key_data_7 (FF)
  Destination:       PS2_Data<7> (PAD)
  Source Clock:      CLK1 rising

  Data Path: key_data_7 to PS2_Data<7>
                                Gate     Net
    Cell:in->out      fanout   Delay   Delay  Logical Name (Net Name)
    ----------------------------------------  ------------
     FDE:C->Q              1   0.626   0.681  key_data_7 (key_data_7)
     OBUF:I->O                 4.909          PS2_Data_7_OBUF (PS2_Data<7>)
    ----------------------------------------
    Total                      6.216ns (5.535ns logic, 0.681ns route)
                                       (89.0% logic, 11.0% route)

=========================================================================


Total REAL time to Xst completion: 4.00 secs
Total CPU time to Xst completion: 3.61 secs
 
--> 

Total memory usage is 4514624 kilobytes

Number of errors   :    0 (   0 filtered)
Number of warnings :    4 (   0 filtered)
Number of infos    :    0 (   0 filtered)

