RAM Allocation [bytes]
Variable                                                                          Address   Size
------------------------------------------------------------------------------------------------
ms_count                                                                          0x0260       2

EEPROM Allocation [bytes]
Variable                                                                          Address   Size
------------------------------------------------------------------------------------------------

Register Allocation
Variable                                                                          Register  Size
------------------------------------------------------------------------------------------------

FLASH Allocation [words]
Function                                                                          Address   Size
------------------------------------------------------------------------------------------------
timer0_comp_isr                                                                   0x0004E     20
delay_1ms                                                                         0x00062     22
delay_xms                                                                         0x00078     21
main                                                                              0x0008D     18
